14404 55.00000 50.77116
14413 55.00000 51.24325
14424 52.00000 51.32773
14433 52.00000 51.40278
14444 51.00000 51.35781
14453 54.00000 51.65277
14464 49.00000 51.35663
14475 48.00000 50.98191
14484 48.00000 50.64903
14493 51.00000 50.68821
14504 48.00000 50.38811
14514 58.00000 51.23787
14524 51.00000 51.21131
14533 52.00000 51.29936
14544 52.00000 51.37757
14554 51.00000 51.33542
14564 51.00000 51.29798
14574 52.00000 51.37635
14584 52.00000 51.44597
14594 48.00000 51.06128
14604 48.00000 50.71953
14614 49.00000 50.52757
14624 51.00000 50.58031
14634 51.00000 50.62716
14644 49.00000 50.44551
14654 54.00000 50.84232
14664 51.00000 50.85992
14675 51.00000 50.87556
14684 52.00000 51.00108
14694 49.00000 50.77769
14704 52.00000 50.91414
14714 48.00000 50.58882
14724 54.00000 50.96963
14734 54.00000 51.30792
14744 48.00000 50.93864
14754 49.00000 50.72222
14764 51.00000 50.75323
14774 49.00000 50.55751
14784 49.00000 50.38364
14794 49.00000 50.22918
14804 45.00000 49.64542
14814 51.00000 49.79663
14824 48.00000 49.59607
14834 48.00000 49.41789
14844 49.00000 49.37124
14854 51.00000 49.55307
14864 51.00000 49.71460
14875 49.00000 49.63482
14884 49.00000 49.56395
14894 55.00000 50.17081
14904 48.00000 49.92847
14914 48.00000 49.71318
14924 48.00000 49.52193
14934 49.00000 49.46367
14945 55.00000 50.08171
14954 42.00000 49.17951
14965 54.00000 49.71765
14974 57.00000 50.53061
14985 57.00000 51.25282
14994 55.00000 51.67114
15005 55.00000 52.04276
15014 54.00000 52.26125
15025 52.00000 52.23209
15034 49.00000 51.87127
15045 49.00000 51.55074
15054 55.00000 51.93580
15065 51.00000 51.83133
15076 49.00000 51.51525
15085 46.00000 50.89956
15095 51.00000 50.91077
15105 45.00000 50.25092
15115 45.00000 49.66473
15125 49.00000 49.59052
15135 48.00000 49.41296
15145 51.00000 49.59013
15155 45.00000 49.07771
15165 55.00000 49.73885
15175 55.00000 50.32618
15185 51.00000 50.40140
15195 52.00000 50.57986
15205 55.00000 51.07330
15215 52.00000 51.17675
15225 51.00000 51.15702
15235 51.00000 51.13949
15245 51.00000 51.12392
15255 48.00000 50.77518
15265 51.00000 50.80028
15276 54.00000 51.15748
15285 45.00000 50.47009
15295 48.00000 50.19434
15305 48.00000 49.94937
15315 57.00000 50.73647
15325 55.00000 51.21243
15335 51.00000 51.18871
15345 52.00000 51.27928
15355 49.00000 51.02483
15365 49.00000 50.79879
15375 52.00000 50.93289
15385 52.00000 51.05202
15395 46.00000 50.48803
15405 55.00000 50.99173
15415 51.00000 50.99265
15425 51.00000 50.99347
15435 45.00000 50.32439
15445 45.00000 49.73000
15455 51.00000 49.87177
15466 55.00000 50.44426
15476 48.00000 50.17140
15486 48.00000 49.92899
15495 48.00000 49.71365
15506 51.00000 49.85725
15515 51.00000 49.98482
15526 52.00000 50.20979
15535 51.00000 50.29800
15546 49.00000 50.15310
15555 49.00000 50.02437
15566 51.00000 50.13329
15576 48.00000 49.89513
15586 49.00000 49.79520
15596 49.00000 49.70643
15606 51.00000 49.85084
15616 51.00000 49.97913
15626 48.00000 49.75819
15636 51.00000 49.89682
15646 51.00000 50.01997
15656 48.00000 49.79447
15666 49.00000 49.70578
15677 54.00000 50.18517
15686 54.00000 50.61103
15696 55.00000 51.10100
15706 51.00000 51.08972
15716 55.00000 51.52625
15726 55.00000 51.91404
15736 42.00000 50.80729
15746 42.00000 49.82408
15756 48.00000 49.62045
15766 49.00000 49.55119
15776 45.00000 49.04311
15786 46.00000 48.70340
15796 48.00000 48.62487
15806 48.00000 48.55511
15816 49.00000 48.60477
15826 49.00000 48.64890
15836 49.00000 48.68809
15846 49.00000 48.72291
15856 42.00000 47.97240
15866 45.00000 47.64057
15877 45.00000 47.34579
15886 49.00000 47.53046
15896 51.00000 47.91778
15906 51.00000 48.26187
15916 52.00000 48.67918
15926 54.00000 49.27317
15936 54.00000 49.80085
15946 48.00000 49.59981
15956 49.00000 49.53285
15966 48.00000 49.36173
15976 52.00000 49.65625
15986 51.00000 49.80626
15996 51.00000 49.93953
16006 55.00000 50.50445
16016 51.00000 50.55977
16027 48.00000 50.27401
16036 55.00000 50.80160
16047 48.00000 50.48885
16056 58.00000 51.32735
16067 58.00000 52.07226
16078 55.00000 52.39910
16087 58.00000 53.02436
16097 57.00000 53.46818
16107 55.00000 53.63918
16116 45.00000 52.67475
16127 45.00000 51.81797
16137 48.00000 51.39175
16147 42.00000 50.34330
16157 49.00000 50.19334
16167 52.00000 50.39503
16177 49.00000 50.23930
16187 49.00000 50.10095
16197 49.00000 49.97804
16207 45.00000 49.42232
16217 52.00000 49.71008
16227 55.00000 50.30062
16237 54.00000 50.71360
16247 54.00000 51.08048
16257 54.00000 51.40640
16267 58.00000 52.14248
16278 52.00000 52.12657
16287 55.00000 52.44735
16297 51.00000 52.28577
16307 55.00000 52.58878
16317 55.00000 52.85795
16327 58.00000 53.43198
16337 52.00000 53.27213
16347 54.00000 53.35338
16357 54.00000 53.42557
16367 54.00000 53.48969
16377 54.00000 53.54666
16387 54.00000 53.59727
16397 54.00000 53.64223
16407 55.00000 53.79380
16417 52.00000 53.59355
16427 54.00000 53.63893
16437 54.00000 53.67924
16447 46.00000 52.82196
16457 49.00000 52.39530
16467 51.00000 52.23953
16478 51.00000 52.10116
16487 54.00000 52.31314
16497 84.00000 55.85051
16507 84.00000 58.99298
16517 51.00000 58.10068
16527 51.00000 57.30799
16537 48.00000 56.26889
16548 46.00000 55.12252
16557 46.00000 54.10413
16568 46.00000 53.19942
16577 43.00000 52.06081
16588 45.00000 51.27258
16597 49.00000 51.01888
16608 48.00000 50.68186
16617 43.00000 49.82430
16628 43.00000 49.06246
16637 43.00000 48.38568
16648 46.00000 48.11935
16657 46.00000 47.88276
16668 42.00000 47.22603
16679 45.00000 46.97753
16688 54.00000 47.76148
16698 54.00000 48.45792
16708 45.00000 48.07190
16718 45.00000 47.72897
16728 57.00000 48.76394
16738 46.00000 48.45539
16748 45.00000 48.06964
16758 45.00000 47.72696
16768 49.00000 47.86908
16778 49.00000 47.99533
16788 45.00000 47.66095
16798 48.00000 47.69880
16808 42.00000 47.06261
16818 42.00000 46.49744
16828 49.00000 46.77682
16838 51.00000 47.24827
16848 51.00000 47.66710
16858 52.00000 48.15080
16868 54.00000 48.80378
16880 55.00000 49.49549
16888 55.00000 50.10999
16898 55.00000 50.65589
16908 46.00000 50.13613
16918 52.00000 50.34420
16928 51.00000 50.41741
16938 51.00000 50.48245
16948 51.00000 50.54023
16958 54.00000 50.92646
16968 55.00000 51.38121
16978 57.00000 52.00846
16988 51.00000 51.89589
16998 55.00000 52.24241
17008 55.00000 52.55025
17018 52.00000 52.48883
17028 51.00000 52.32262
17038 52.00000 52.28661
17048 51.00000 52.14297
17058 52.00000 52.12701
17069 52.00000 52.11283
17080 52.00000 52.10024
17089 55.00000 52.42395
17098 55.00000 52.71153
17109 52.00000 52.63210
17118 61.00000 53.56625
17129 55.00000 53.72631
17138 55.00000 53.86850
17149 54.00000 53.88317
17158 58.00000 54.34276
17169 55.00000 54.41613
17179 57.00000 54.70458
17189 54.00000 54.62593
17198 54.00000 54.55605
17209 58.00000 54.94052
17219 55.00000 54.94716
17229 61.00000 55.62287
17239 58.00000 55.88824
17249 55.00000 55.78908
17259 57.00000 55.92426
17269 57.00000 56.04435
17280 57.00000 56.15104
17289 58.00000 56.35745
17299 58.00000 56.54081
17309 49.00000 55.69899
17319 51.00000 55.17442
17329 51.00000 54.70841
17339 51.00000 54.29442
17349 52.00000 54.03828
17359 55.00000 54.14564
17369 42.00000 52.78976
17379 48.00000 52.25505
17389 48.00000 51.78004
17399 49.00000 51.46969
17409 42.00000 50.41254
17419 48.00000 50.14321
17429 45.00000 49.56905
17439 49.00000 49.50552
17449 49.00000 49.44909
17459 48.00000 49.28732
17469 46.00000 48.92033
17481 45.00000 48.48269
17489 46.00000 48.20553
17500 45.00000 47.84768
17509 45.00000 47.52978
17520 45.00000 47.24736
17529 38.00000 46.21503
17540 42.00000 45.74449
17549 42.00000 45.32647
17560 42.00000 44.95512
17570 36.00000 43.95541
17580 36.00000 43.06731
17590 42.00000 42.94816
17600 39.00000 42.50741
17610 42.00000 42.45076
17620 39.00000 42.06554
17630 43.00000 42.16986
17640 43.00000 42.26253
17650 40.00000 42.00995
17660 39.00000 41.67393
17670 42.00000 41.71033
17681 49.00000 42.52412
17690 46.00000 42.91215
17700 43.00000 42.92196
17710 43.00000 42.93067
17720 39.00000 42.49187
17730 45.00000 42.77186
17740 45.00000 43.02060
17750 45.00000 43.24157
17760 48.00000 43.77278
17770 48.00000 44.24469
17780 46.00000 44.44064
17790 43.00000 44.27981
17800 46.00000 44.47184
17810 49.00000 44.97734
17820 51.00000 45.64968
17830 51.00000 46.24697
17840 48.00000 46.44267
17850 49.00000 46.72816
17860 52.00000 47.31668
17870 52.00000 47.83950
17881 51.00000 48.19233
17890 52.00000 48.61740
17900 52.00000 48.99501
17910 57.00000 49.88865
17920 58.00000 50.79417
17930 57.00000 51.48696
17940 61.00000 52.54895
17950 55.00000 52.82257
17960 55.00000 53.06565
17970 57.00000 53.50486
17980 61.00000 54.34158
17990 57.00000 54.63836
18000 60.00000 55.23690
18010 63.00000 56.10354
18020 63.00000 56.87343
18030 60.00000 57.22247
18041 67.00000 58.31398
18050 63.00000 58.83711
18061 64.00000 59.41347
18070 63.00000 59.81385
18082 63.00000 60.16954
18091 63.00000 60.48552
18101 63.00000 60.76622
18110 54.00000 60.01087
18121 54.00000 59.33985
18131 60.00000 59.41354
18141 54.00000 58.80920
18151 54.00000 58.27232
18161 57.00000 58.13029
18171 54.00000 57.66920
18181 57.00000 57.59449
18191 57.00000 57.52813
18201 54.00000 57.13426
18211 54.00000 56.78437
18221 54.00000 56.47353
18231 52.00000 55.97413
18241 52.00000 55.53048
18251 51.00000 55.02472
18261 55.00000 55.02196
18271 55.00000 55.01950
18282 55.00000 55.01733
18291 55.00000 55.01539
18301 49.00000 54.34386
18311 49.00000 53.74730
18321 48.00000 53.10570
18331 48.00000 52.53572
18341 48.00000 52.02937
18351 49.00000 51.69119
18361 48.00000 51.27912
18371 52.00000 51.35960
18381 48.00000 50.98455
18391 48.00000 50.65137
18401 48.00000 50.35538
18411 45.00000 49.75753
18421 43.00000 49.00315
18431 42.00000 48.22135
18441 43.00000 47.63847
18451 42.00000 47.00901
18461 42.00000 46.44983
18471 42.00000 45.95308
18482 43.00000 45.62341
18491 43.00000 45.33054
18501 40.00000 44.73547
18511 38.00000 43.98355
18521 39.00000 43.42721
18531 39.00000 42.93298
18541 40.00000 42.60556
18551 40.00000 42.31469
18562 40.00000 42.05629
18571 38.00000 41.60346
18582 40.00000 41.42446
18591 40.00000 41.26544
18602 45.00000 41.68235
18611 38.00000 41.27127
18622 39.00000 41.01772
18631 38.00000 40.68083
18642 33.00000 39.82338
18651 33.00000 39.06165
18662 33.00000 38.38496
18671 39.00000 38.45362
18683 38.00000 38.40298
18692 48.00000 39.47434
18702 43.00000 39.86793
18712 48.00000 40.77576
18722 48.00000 41.58224
18732 43.00000 41.74051
18742 45.00000 42.10438
18752 45.00000 42.42764
18762 45.00000 42.71480
18772 45.00000 42.96991
18782 45.00000 43.19654
18792 45.00000 43.39787
18802 51.00000 44.24654
18812 51.00000 45.00046
18822 48.00000 45.33532
18832 46.00000 45.40952
18842 46.00000 45.47544
18852 55.00000 46.53872
18862 49.00000 46.81348
18872 52.00000 47.39248
18883 46.00000 47.23703
18892 54.00000 47.99202
18902 51.00000 48.32781
18912 51.00000 48.62612
18922 54.00000 49.22604
18932 49.00000 49.20080
18942 52.00000 49.51329
18952 49.00000 49.45599
18962 52.00000 49.73999
18972 52.00000 49.99229
18982 54.00000 50.43969
18992 52.00000 50.61388
19002 52.00000 50.76862
19012 52.00000 50.90608
19023 51.00000 50.91656
19032 51.00000 50.92588
19043 54.00000 51.26906
19052 54.00000 51.57393
19063 54.00000 51.84477
19073 52.00000 51.86210
19084 54.00000 52.10077
19093 54.00000 52.31279
19103 54.00000 52.50114
19113 51.00000 52.33356
19123 58.00000 52.96613
19133 58.00000 53.52809
19143 54.00000 53.58077
19153 54.00000 53.62757
19163 54.00000 53.66915
19173 57.00000 54.04099
19183 58.00000 54.48295
19193 54.00000 54.42904
19203 52.00000 54.15787
19213 49.00000 53.58207
19223 38.00000 51.84256
19233 38.00000 50.29724
19243 48.00000 50.04079
19253 51.00000 50.14787
19263 49.00000 50.01973
19273 45.00000 49.45935
19284 46.00000 49.07316
19293 46.00000 48.73009
19303 49.00000 48.76022
19313 45.00000 48.34045
19324 49.00000 48.41408
19333 45.00000 48.03295
19344 49.00000 48.14090
19353 49.00000 48.23681
19364 49.00000 48.32201
19373 48.00000 48.28606
19384 48.00000 48.25413
19393 46.00000 48.00249
19404 42.00000 47.33240
19413 43.00000 46.84875
19424 43.00000 46.41909
19434 46.00000 46.37231
19444 42.00000 45.88420
19454 46.00000 45.89713
19464 36.00000 44.79226
19474 45.00000 44.81545
19485 45.00000 44.83606
19494 43.00000 44.63109
19504 40.00000 44.11410
19514 43.00000 43.98972
19524 42.00000 43.76760
19534 36.00000 42.90046
19544 36.00000 42.13013
19554 40.00000 41.89233
19564 40.00000 41.68108
19574 45.00000 42.05159
19584 43.00000 42.15747
19594 39.00000 41.80498
19604 48.00000 42.49656
19614 48.00000 43.11094
19624 45.00000 43.32182
19634 38.00000 42.72772
19644 42.00000 42.64648
19654 48.00000 43.24413
19664 42.00000 43.10524
19674 42.00000 42.98185
19686 42.00000 42.87225
19694 38.00000 42.32833
19704 42.00000 42.29168
19714 42.00000 42.25912
19724 42.00000 42.23019
19734 42.00000 42.20449
19744 45.00000 42.51657
19754 46.00000 42.90545
19764 45.00000 43.13927
19774 43.00000 43.12372
19784 45.00000 43.33318
19794 45.00000 43.51926
19804 45.00000 43.68456
19814 45.00000 43.83141
19825 48.00000 44.29677
19834 48.00000 44.71018
19845 45.00000 44.74253
19854 48.00000 45.10618
19865 48.00000 45.42923
19874 49.00000 45.82786
19886 51.00000 46.40525
19894 45.00000 46.24837
19905 52.00000 46.89046
19915 51.00000 47.34923
19925 51.00000 47.75678
19935 49.00000 47.89557
19945 49.00000 48.01886
19955 51.00000 48.35166
19965 51.00000 48.64731
19975 48.00000 48.57505
19985 48.00000 48.51085
19995 52.00000 48.90036
20005 61.00000 50.25111
20015 58.00000 51.11616
20025 55.00000 51.54973
20035 55.00000 51.93490
20045 54.00000 52.16544
20055 54.00000 52.37024
20065 60.00000 53.22199
20075 54.00000 53.30884
20086 54.00000 53.38600
20095 52.00000 53.23127
20105 49.00000 52.75891
20115 49.00000 52.33928
20125 52.00000 52.30141
20135 55.00000 52.60266
20145 49.00000 52.20048
20155 46.00000 51.50829
20165 51.00000 51.45155
20175 51.00000 51.40114
20185 48.00000 51.02145
20195 48.00000 50.68415
20205 49.00000 50.49614
20215 51.00000 50.55239
20225 49.00000 50.37909
20235 45.00000 49.77859
20245 45.00000 49.24513
20255 55.00000 49.88758
20265 52.00000 50.12340
20275 55.00000 50.66780
20287 49.00000 50.48161
20295 49.00000 50.31621
20305 49.00000 50.16928
20315 48.00000 49.92711
20326 48.00000 49.71198
20335 45.00000 49.18595
20346 49.00000 49.16519
20355 45.00000 48.70021
20366 45.00000 48.28714
20375 49.00000 48.36672
20386 48.00000 48.32578
20395 43.00000 47.73124
20406 42.00000 47.09143
20416 42.00000 46.52304
20426 42.00000 46.01811
20435 42.00000 45.56955
20446 42.00000 45.17106
20456 42.00000 44.81706
20466 40.00000 44.27930
20476 40.00000 43.80158
20487 38.00000 43.15392
20496 38.00000 42.57856
20506 39.00000 42.17907
20516 40.00000 41.93581
20526 40.00000 41.71970
20536 39.00000 41.41609
20546 38.00000 41.03473
20556 38.00000 40.69595
20566 36.00000 40.17171
20576 39.00000 40.04091
20586 43.00000 40.37125
20596 42.00000 40.55307
20606 42.00000 40.71460
20616 38.00000 40.41156
20626 38.00000 40.14234
20636 40.00000 40.12645
20646 42.00000 40.33561
20656 42.00000 40.52141
20666 40.00000 40.46320
20676 40.00000 40.41150
20687 40.00000 40.36556
20696 48.00000 41.21783
20706 46.00000 41.75169
20716 49.00000 42.56086
20726 42.00000 42.49825
20736 35.00000 41.66118
20746 35.00000 40.91756
20756 48.00000 41.70821
20766 51.00000 42.74550
20776 49.00000 43.44372
20786 49.00000 44.06400
20796 46.00000 44.28012
20806 45.00000 44.36049
20816 45.00000 44.43188
20827 49.00000 44.94184
20836 48.00000 45.28324
20847 55.00000 46.36797
20856 46.00000 46.32689
20867 51.00000 46.84858
20876 51.00000 47.31202
20888 49.00000 47.50046
20896 49.00000 47.66786
20907 48.00000 47.70494
20916 51.00000 48.07278
20927 51.00000 48.39956
20936 51.00000 48.68987
20947 49.00000 48.72449
20956 46.00000 48.42034
20967 45.00000 48.03851
20976 55.00000 48.81566
20987 52.00000 49.17114
20997 61.00000 50.49166
21007 61.00000 51.66476
21017 55.00000 52.03709
21027 52.00000 52.03295
21037 55.00000 52.36418
21047 55.00000 52.65843
21057 54.00000 52.80819
21067 54.00000 52.94124
21077 55.00000 53.17107
21088 54.00000 53.26361
21097 51.00000 53.01091
21107 49.00000 52.56316
21117 46.00000 51.83047
21127 46.00000 51.17959
21137 51.00000 51.15954
21147 45.00000 50.47192
21157 49.00000 50.30760
21167 55.00000 50.83144
21177 45.00000 50.18044
21187 45.00000 49.60212
21197 51.00000 49.75817
21207 42.00000 48.89209
21217 49.00000 48.90414
21227 49.00000 48.91484
21237 51.00000 49.14761
21247 46.00000 48.79623
21257 46.00000 48.48407
21267 49.00000 48.54167
21277 49.00000 48.59283
21288 45.00000 48.19175
21297 49.00000 48.28197
21307 46.00000 48.02723
21317 46.00000 47.80091
21327 48.00000 47.82314
21337 45.00000 47.50798
21347 55.00000 48.34435
21357 49.00000 48.41754
21367 54.00000 49.04074
21377 54.00000 49.59437
21387 45.00000 49.08147
21397 42.00000 48.29093
21408 39.00000 47.25374
21417 42.00000 46.66724
21428 42.00000 46.14621
21437 43.00000 45.79498
21448 43.00000 45.48296
21457 40.00000 44.87087
21468 42.00000 44.55038
21477 42.00000 44.26567
21489 42.00000 44.01274
21497 45.00000 44.12295
21508 45.00000 44.22086
21518 46.00000 44.41948
21528 40.00000 43.92611
21538 42.00000 43.71108
21548 45.00000 43.85497
21558 45.00000 43.98280
21568 45.00000 44.09636
21578 43.00000 43.97396
21588 46.00000 44.20014
21598 43.00000 44.06616
21608 43.00000 43.94714
21618 42.00000 43.72977
21628 43.00000 43.64830
21638 43.00000 43.57593
21648 42.00000 43.40000
21658 45.00000 43.57862
21668 42.00000 43.40239
21678 52.00000 44.36219
21689 52.00000 45.21484
21698 52.00000 45.97230
21708 48.00000 46.19866
21718 48.00000 46.39975
21728 52.00000 47.02494
21738 52.00000 47.58033
21748 54.00000 48.29699
21758 54.00000 48.93365
21768 54.00000 49.49923
21778 51.00000 49.66677
21788 49.00000 49.59233
21798 49.00000 49.52621
21808 48.00000 49.35583
21818 51.00000 49.53938
21828 51.00000 49.70243
21838 48.00000 49.51238
21848 51.00000 49.67845
21858 55.00000 50.27252
21868 54.00000 50.68864
21878 55.00000 51.16994
21890 55.00000 51.59751
21898 54.00000 51.86572
21908 55.00000 52.21561
21918 55.00000 52.52645
21929 61.00000 53.47239
21938 52.00000 53.30802
21949 52.00000 53.16200
21958 55.00000 53.36718
21969 58.00000 53.88437
21978 52.00000 53.67401
21989 54.00000 53.71040
21998 58.00000 54.18927
22009 54.00000 54.16814
22018 54.00000 54.14937
22029 58.00000 54.57924
22038 55.00000 54.62621
22049 54.00000 54.55630
22059 55.00000 54.60583
22069 58.00000 54.98474
22079 58.00000 55.32135
22090 61.00000 55.95529
22099 51.00000 55.40210
22109 48.00000 54.57577
22119 52.00000 54.28822
22129 54.00000 54.25604
22139 54.00000 54.22746
22149 57.00000 54.53697
22159 57.00000 54.81193
22169 49.00000 54.16312
22179 45.00000 53.14019
22189 46.00000 52.34309
22199 43.00000 51.30008
22209 43.00000 50.37349
22219 45.00000 49.77362
22229 42.00000 48.90581
22239 51.00000 49.13960
22249 42.00000 48.34256
22259 48.00000 48.30432
22269 48.00000 48.27035
22279 45.00000 47.90526
22290 46.00000 47.69257
22299 48.00000 47.72689
22309 48.00000 47.75738
22319 45.00000 47.44956
22329 45.00000 47.17610
22340 48.00000 47.26808
22349 45.00000 47.01488
22360 46.00000 46.90158
22369 42.00000 46.35440
22380 40.00000 45.64502
22389 40.00000 45.01484
22400 40.00000 44.45501
22409 40.00000 43.95767
22420 42.00000 43.73912
22430 43.00000 43.65661
22440 40.00000 43.24841
22449 40.00000 42.88577
22460 40.00000 42.56361
22470 40.00000 42.27742
22480 33.00000 41.24174
22491 43.00000 41.43802
22500 42.00000 41.50076
22510 40.00000 41.33322
22520 40.00000 41.18439
22530 42.00000 41.27544
22540 36.00000 40.68652
22550 42.00000 40.83315
22560 43.00000 41.07504
22570 45.00000 41.51321
22580 45.00000 41.90245
22590 43.00000 42.02498
22600 40.00000 41.79892
22610 46.00000 42.26791
22620 43.00000 42.34964
22630 42.00000 42.31060
22640 49.00000 43.05738
22650 49.00000 43.72078
22660 42.00000 43.52868
22670 54.00000 44.69765
22680 51.00000 45.40121
22691 52.00000 46.13787
22700 52.00000 46.79229
22710 52.00000 47.37365
22720 48.00000 47.44358
22730 51.00000 47.84060
22740 49.00000 47.97003
22750 48.00000 47.97337
22760 52.00000 48.42289
22770 52.00000 48.82222
22780 49.00000 48.84206
22790 48.00000 48.74806
22800 45.00000 48.32964
22810 45.00000 47.95794
22820 51.00000 48.29754
22830 54.00000 48.93414
22841 54.00000 49.49966
22850 52.00000 49.77879
22861 48.00000 49.58022
22870 52.00000 49.85035
22881 57.00000 50.64850
22891 52.00000 50.79938
22901 52.00000 50.93341
22910 54.00000 51.27575
22921 58.00000 52.02641
22930 54.00000 52.24673
22941 55.00000 52.55410
22950 54.00000 52.71551
22961 54.00000 52.85891
22970 48.00000 52.31648
22981 52.00000 52.28115
22991 51.00000 52.13813
23001 55.00000 52.45761
23010 51.00000 52.29490
23021 54.00000 52.48524
23031 54.00000 52.65435
23041 48.00000 52.13476
23051 51.00000 52.00808
23061 51.00000 51.89554
23071 48.00000 51.46066
23081 49.00000 51.18597
23092 49.00000 50.94194
23101 42.00000 49.94370
23111 48.00000 49.72672
23121 45.00000 49.19905
23131 52.00000 49.51173
23141 51.00000 49.67788
23151 51.00000 49.82547
23161 49.00000 49.73332
23171 48.00000 49.53982
23181 42.00000 48.69811
23191 42.00000 47.95036
23201 43.00000 47.39773
23211 49.00000 47.57660
23221 49.00000 47.73550
23231 40.00000 46.87194
23241 43.00000 46.43970
23251 45.00000 46.27898
23261 45.00000 46.13620
23271 42.00000 45.67445
23281 42.00000 45.26425
23292 49.00000 45.68129
23301 49.00000 46.05178
23311 46.00000 46.04600
23321 46.00000 46.04086
23331 45.00000 45.92467
23341 45.00000 45.82144
23351 48.00000 46.06464
23361 45.00000 45.94579
23371 40.00000 45.28203
23381 43.00000 45.02728
23391 49.00000 45.47077
23401 40.00000 44.86004
23411 40.00000 44.31749
23422 40.00000 43.83551
23431 42.00000 43.63060
23442 46.00000 43.89511
23451 43.00000 43.79518
23462 46.00000 44.04132
23471 46.00000 44.25998
23482 45.00000 44.34259
23492 45.00000 44.41598
23502 39.00000 43.81136
23512 43.00000 43.72079
23522 42.00000 43.52869
23532 42.00000 43.35803
23542 46.00000 43.65297
23552 46.00000 43.91498
23562 45.00000 44.03611
23572 46.00000 44.25535
23582 42.00000 44.00357
23592 42.00000 43.77990
23602 48.00000 44.25101
23612 45.00000 44.33463
23622 46.00000 44.52054
23632 48.00000 44.90897
23642 40.00000 44.36096
23652 45.00000 44.43230
23662 45.00000 44.49567
23672 42.00000 44.21707
23682 46.00000 44.41611
23693 43.00000 44.25802
23702 45.00000 44.34085
23712 43.00000 44.19117
23722 43.00000 44.05819
23732 40.00000 43.60515
23742 43.00000 43.53760
23752 48.00000 44.03576
23762 49.00000 44.58994
23772 48.00000 44.97063
23782 48.00000 45.30881
23792 46.00000 45.38597
23802 51.00000 46.01270
23812 48.00000 46.23455
23822 51.00000 46.76654
23832 48.00000 46.90424
23842 49.00000 47.13820
23852 49.00000 47.34604
23862 57.00000 48.42376
23872 54.00000 49.04627
23882 54.00000 49.59928
23893 51.00000 49.75565
23902 51.00000 49.89456
23912 51.00000 50.01796
23922 54.00000 50.46250
23932 52.00000 50.63414
23943 54.00000 51.00988
23952 55.00000 51.45532
23963 52.00000 51.51613
23972 52.00000 51.57014
23983 54.00000 51.84140
23992 49.00000 51.52420
24003 57.00000 52.13549
24012 61.00000 53.12508
24023 57.00000 53.55766
24032 54.00000 53.60704
24043 54.00000 53.65091
24052 57.00000 54.02478
24063 52.00000 53.79875
24073 52.00000 53.59795
24083 51.00000 53.30792
24094 48.00000 52.71537
24103 48.00000 52.18897
24113 46.00000 51.49806
24123 55.00000 51.88900
24133 48.00000 51.45485
24143 54.00000 51.73898
24153 51.00000 51.65648
24163 51.00000 51.58319
24173 46.00000 50.95992
24183 46.00000 50.40622
24193 45.00000 49.80269
24203 45.00000 49.26654
24213 48.00000 49.12515
24223 46.00000 48.77628
24233 46.00000 48.46635
24243 48.00000 48.41429
24253 43.00000 47.80986
24263 49.00000 47.94273
24273 45.00000 47.61422
24283 46.00000 47.43401
24294 46.00000 47.27393
24303 46.00000 47.13171
24313 46.00000 47.00537
24323 45.00000 46.78150
24333 45.00000 46.58262
24343 43.00000 46.18267
24353 43.00000 45.82738
24363 42.00000 45.40011
24373 40.00000 44.79727
24383 40.00000 44.26172
24393 42.00000 44.00924
24403 42.00000 43.78493
24413 40.00000 43.36240
24423 40.00000 42.98704
24433 42.00000 42.87685
24443 43.00000 42.89060
24453 39.00000 42.45627
24464 40.00000 42.18206
24473 40.00000 41.93847
24484 40.00000 41.72207
24494 40.00000 41.52983
24504 40.00000 41.35904
24513 42.00000 41.43060
24524 40.00000 41.27089
24533 43.00000 41.46392
24544 43.00000 41.63540
24553 45.00000 42.01101
24564 43.00000 42.12141
24574 46.00000 42.55440
24584 46.00000 42.93905
24594 42.00000 42.83422
24604 48.00000 43.41090
24614 48.00000 43.92321
24624 45.00000 44.04342
24634 39.00000 43.48040
24644 46.00000 43.76167
24654 46.00000 44.01155
24664 45.00000 44.12189
24674 45.00000 44.21992
24684 51.00000 44.97682
24695 46.00000 45.09104
24704 46.00000 45.19251
24714 46.00000 45.28266
24724 46.00000 45.36274
24734 46.00000 45.43388
24744 43.00000 45.16217
24754 51.00000 45.81388
24764 51.00000 46.39283
24774 49.00000 46.68388
24784 46.00000 46.60754
24794 46.00000 46.53971
24804 49.00000 46.81437
24814 49.00000 47.05836
24824 51.00000 47.49839
24834 51.00000 47.88929
24844 58.00000 49.01800
24854 54.00000 49.57417
24864 54.00000 50.06825
24874 54.00000 50.50717
24884 57.00000 51.23200
24895 52.00000 51.31773
24904 55.00000 51.72881
24914 49.00000 51.42418
24924 49.00000 51.15355
24934 51.00000 51.13641
24944 54.00000 51.45609
24954 52.00000 51.51681
24964 58.00000 52.24056
24974 54.00000 52.43697
24984 54.00000 52.61146
24994 52.00000 52.54320
25004 52.00000 52.48256
25014 54.00000 52.65196
25025 54.00000 52.80245
25034 52.00000 52.71287
25045 51.00000 52.52165
25054 51.00000 52.35178
25065 49.00000 51.97761
25074 51.00000 51.86847
25085 54.00000 52.10643
25096 49.00000 51.75964
25105 46.00000 51.11666
25114 46.00000 50.54546
25125 51.00000 50.59620
25135 51.00000 50.64128
25145 51.00000 50.68133
25155 46.00000 50.15873
25165 46.00000 49.69447
25175 46.00000 49.28203
25185 45.00000 48.80400
25195 46.00000 48.49098
25205 48.00000 48.43617
25215 48.00000 48.38748
25225 46.00000 48.12095
25235 45.00000 47.77254
25245 45.00000 47.46303
25255 49.00000 47.63461
25265 48.00000 47.67540
25275 49.00000 47.82328
25285 52.00000 48.28955
25296 49.00000 48.36886
25305 49.00000 48.43932
25315 57.00000 49.39499
25325 51.00000 49.57417
25335 49.00000 49.51007
25345 49.00000 49.45313
25355 42.00000 48.62109
25365 42.00000 47.88195
25375 45.00000 47.56022
25385 43.00000 47.05114
25395 45.00000 46.82216
25405 49.00000 47.06528
25415 45.00000 46.83472
25425 46.00000 46.74154
25435 46.00000 46.65876
25445 46.00000 46.58522
25455 42.00000 46.07335
25465 49.00000 46.40006
25475 45.00000 46.24377
25485 42.00000 45.77001
25496 42.00000 45.34914
25505 43.00000 45.08689
25515 42.00000 44.74229
25526 45.00000 44.77106
25535 46.00000 44.90825
25545 46.00000 45.03013
25555 46.00000 45.13840
25566 43.00000 44.89968
25575 43.00000 44.68761
25586 42.00000 44.38758
25595 49.00000 44.90248
25606 49.00000 45.35991
25615 42.00000 44.98483
25626 42.00000 44.65162
25635 48.00000 45.02541
25646 51.00000 45.69239
25656 51.00000 46.28490
25666 49.00000 46.58801
25676 45.00000 46.41073
25686 45.00000 46.25324
25697 48.00000 46.44824
25706 49.00000 46.73311
25716 48.00000 46.87454
25726 48.00000 47.00018
25736 49.00000 47.22343
25746 49.00000 47.42176
25756 49.00000 47.59795
25766 49.00000 47.75446
25776 48.00000 47.78188
25786 49.00000 47.91786
25796 49.00000 48.03867
25806 48.00000 48.03435
25816 48.00000 48.03051
25826 70.00000 50.48308
25836 51.00000 50.54079
25846 51.00000 50.59205
25856 49.00000 50.41432
25866 45.00000 49.80989
25876 45.00000 49.27294
25886 51.00000 49.46574
25897 55.00000 50.08356
25906 61.00000 51.30222
25916 54.00000 51.60339
25926 52.00000 51.64766
25936 52.00000 51.68700
25946 55.00000 52.05684
25956 57.00000 52.60867
25966 51.00000 52.42909
25976 54.00000 52.60446
25986 54.00000 52.76025
25996 54.00000 52.89865
26006 57.00000 53.35651
26016 55.00000 53.53998
26026 54.00000 53.59133
26036 52.00000 53.41368
26047 48.00000 52.80932
26056 55.00000 53.05388
26066 55.00000 53.27113
26076 57.00000 53.68740
26087 52.00000 53.49903
26098 52.00000 53.33169
26107 52.00000 53.18303
26116 55.00000 53.38586
26127 55.00000 53.56606
26136 46.00000 52.72142
26147 51.00000 52.52925
26156 54.00000 52.69344
26167 48.00000 52.16948
26176 48.00000 51.70402
26187 48.00000 51.29052
26196 49.00000 51.03482
26207 49.00000 50.80766
26217 48.00000 50.49423
26227 51.00000 50.55069
26237 49.00000 50.37758
26247 46.00000 49.88889
26257 46.00000 49.45475
26267 45.00000 48.95744
26277 49.00000 48.96219
26287 45.00000 48.51987
26298 48.00000 48.46183
26307 46.00000 48.18701
26317 46.00000 47.94286
26327 49.00000 48.06087
26337 49.00000 48.16571
26347 48.00000 48.14721
26357 51.00000 48.46568
26367 45.00000 48.07879
26377 45.00000 47.73509
26387 45.00000 47.42976
26397 49.00000 47.60505
26407 43.00000 47.09097
26417 49.00000 47.30408
26427 39.00000 46.37705
26437 42.00000 45.88842
26447 42.00000 45.45433
26457 40.00000 44.84544
26467 45.00000 44.86269
26477 42.00000 44.54312
26488 40.00000 44.03595
26499 40.00000 43.58539
26508 40.00000 43.18513
26517 43.00000 43.16447
26528 40.00000 42.81120
26537 40.00000 42.49737
26548 40.00000 42.21858
26557 38.00000 41.74763
26568 40.00000 41.55254
26578 40.00000 41.37922
26588 40.00000 41.22525
26598 42.00000 41.31174
26608 40.00000 41.16531
26618 43.00000 41.37012
26628 42.00000 41.44044
26638 42.00000 41.50290
26648 46.00000 42.00494
26658 46.00000 42.45093
26668 40.00000 42.17732
26678 48.00000 42.82734
26688 42.00000 42.73497
26700 42.00000 42.65292
26708 45.00000 42.91494
26718 49.00000 43.59425
26728 57.00000 45.09080
26738 54.00000 46.08538
26748 55.00000 47.08057
26758 52.00000 47.62975
26768 52.00000 48.11762
26778 52.00000 48.55103
26788 55.00000 49.27097
26798 54.00000 49.79889
26808 55.00000 50.37952
26818 55.00000 50.89533
26829 55.00000 51.35355
26838 54.00000 51.64899
26849 51.00000 51.57654
26859 52.00000 51.62381
26869 52.00000 51.66581
26878 48.00000 51.25658
26889 48.00000 50.89303
26900 45.00000 50.23516
26909 48.00000 49.98563
26918 51.00000 50.09887
26929 51.00000 50.19947
26938 48.00000 49.95393
26949 52.00000 50.18235
26958 52.00000 50.38526
26969 52.00000 50.56553
26979 52.00000 50.72566
26989 54.00000 51.09119
26999 54.00000 51.41592
27009 46.00000 50.81131
27019 46.00000 50.27420
27029 55.00000 50.80177
27039 51.00000 50.82389
27049 54.00000 51.17846
27059 52.00000 51.27017
27069 49.00000 51.01674
27079 49.00000 50.79160
27089 51.00000 50.81487
27100 52.00000 50.94717
27109 54.00000 51.28798
27119 55.00000 51.70237
27129 46.00000 51.06578
27139 49.00000 50.83517
27149 49.00000 50.63030
27159 52.00000 50.78321
27169 48.00000 50.47251
27180 49.00000 50.30812
27189 49.00000 50.16209
27199 48.00000 49.92073
27209 48.00000 49.70631
27219 46.00000 49.29255
27229 49.00000 49.25990
27240 61.00000 50.57050
27249 51.00000 50.61845
27260 48.00000 50.32614
27269 48.00000 50.06646
27280 51.00000 50.17068
27289 51.00000 50.26326
27301 48.00000 50.01060
27309 55.00000 50.56759
27320 49.00000 50.39259
27329 49.00000 50.23713
27340 48.00000 49.98739
27350 48.00000 49.76553
27360 42.00000 48.89862
27370 49.00000 48.90994
27380 45.00000 48.47345
27390 46.00000 48.19733
27400 46.00000 47.95203
27410 43.00000 47.39921
27420 43.00000 46.90810
27430 49.00000 47.14163
27440 48.00000 47.23745
27450 46.00000 47.09931
27460 46.00000 46.97659
27470 48.00000 47.09084
27480 42.00000 46.52252
27490 49.00000 46.79910
27501 46.00000 46.70989
27510 49.00000 46.96555
27520 49.00000 47.19266
27530 48.00000 47.28279
27540 52.00000 47.80939
27550 49.00000 47.94231
27560 51.00000 48.28365
27570 51.00000 48.58689
27580 51.00000 48.85628
27590 51.00000 49.09560
27600 46.00000 48.75002
27610 51.00000 49.00120
27620 51.00000 49.22433
27630 51.00000 49.42256
27640 49.00000 49.37539
27650 49.00000 49.33348
27660 51.00000 49.51952
27670 51.00000 49.68480
27680 51.00000 49.83162
27690 52.00000 50.07369
27702 51.00000 50.17710
27710 51.00000 50.26896
27720 46.00000 49.79240
27730 49.00000 49.70394
27740 49.00000 49.62535
27750 51.00000 49.77881
27761 52.00000 50.02678
27770 49.00000 49.91215
27781 49.00000 49.81032
27790 51.00000 49.94313
27801 49.00000 49.83784
27810 49.00000 49.74431
27821 51.00000 49.88449
27831 52.00000 50.12066
27841 52.00000 50.33046
27851 48.00000 50.07029
27861 49.00000 49.95081
27871 54.00000 50.40284
27881 54.00000 50.80441
27891 49.00000 50.60298
27902 49.00000 50.42403
27911 55.00000 50.93487
27921 52.00000 51.05378
27931 55.00000 51.49431
27941 48.00000 51.10423
27951 52.00000 51.20422
27961 49.00000 50.95815
27971 49.00000 50.73956
27981 48.00000 50.43372
27991 48.00000 50.16203
28001 52.00000 50.36721
28011 49.00000 50.21458
28021 51.00000 50.30227
28031 51.00000 50.38016
28041 55.00000 50.89589
28051 48.00000 50.57261
28061 51.00000 50.62032
28071 51.00000 50.66270
28081 46.00000 50.14218
28091 46.00000 49.67977
28102 49.00000 49.60388
28111 54.00000 50.09464
28121 49.00000 49.97244
28131 51.00000 50.08715
28141 48.00000 49.85415
28151 48.00000 49.64716
28161 48.00000 49.46328
28171 54.00000 49.96974
28181 46.00000 49.52658
28191 54.00000 50.02597
28201 49.00000 49.91143
28211 55.00000 50.47950
28221 55.00000 50.98414
28231 52.00000 51.09755
28241 54.00000 51.42157
28251 57.00000 52.04432
28262 57.00000 52.59755
28271 55.00000 52.86575
28282 55.00000 53.10400
28291 54.00000 53.20403
28303 55.00000 53.40452
28311 55.00000 53.58263
28322 58.00000 54.07577
28331 55.00000 54.17894
28342 51.00000 53.82406
28351 51.00000 53.50880
28362 54.00000 53.56363
28372 55.00000 53.72398
28382 58.00000 54.20134
28392 55.00000 54.29050
28402 49.00000 53.69989
28412 49.00000 53.17522
28422 51.00000 52.93238
28432 52.00000 52.82830
28442 52.00000 52.73583
28452 48.00000 52.20714
28462 52.00000 52.18402
28472 52.00000 52.16348
28482 57.00000 52.70340
28492 52.00000 52.62487
28503 52.00000 52.55511
28512 52.00000 52.49314
28522 48.00000 51.99155
28532 48.00000 51.54595
28542 49.00000 51.26173
28552 52.00000 51.34415
28562 54.00000 51.64064
28572 54.00000 51.90403
28582 55.00000 52.24965
28592 49.00000 51.88687
28602 49.00000 51.56459
28612 55.00000 51.94810
28622 54.00000 52.17717
28632 57.00000 52.71557
28642 49.00000 52.30078
28652 52.00000 52.26720
28662 52.00000 52.23737
28672 48.00000 51.76433
28682 51.00000 51.67900
28692 51.00000 51.60320
28703 54.00000 51.87077
28712 51.00000 51.77356
28722 51.00000 51.68720
28732 48.00000 51.27558
28742 49.00000 51.02155
28752 48.00000 50.68423
28763 58.00000 51.50093
28772 49.00000 51.22174
28782 48.00000 50.86208
28792 48.00000 50.54257
28803 52.00000 50.70527
28812 52.00000 50.84981
28823 48.00000 50.53167
28832 52.00000 50.69559
28843 52.00000 50.84121
28852 52.00000 50.97057
28863 49.00000 50.75058
28872 48.00000 50.44352
28883 49.00000 50.28238
28892 49.00000 50.13922
28904 49.00000 50.01204
28912 49.00000 49.89906
28923 52.00000 50.13360
28932 51.00000 50.23032
28943 57.00000 50.98605
28953 51.00000 50.98761
28963 51.00000 50.98899
28973 51.00000 50.99022
28983 51.00000 50.99131
28993 49.00000 50.76901
29003 51.00000 50.79480
29013 51.00000 50.81771
29023 52.00000 50.94969
29033 49.00000 50.73204
29043 49.00000 50.53868
29053 51.00000 50.59018
29063 49.00000 50.41266
29073 52.00000 50.58986
29083 55.00000 51.08219
29093 54.00000 51.40792
29104 54.00000 51.69728
29113 48.00000 51.28454
29123 54.00000 51.58768
29133 54.00000 51.85698
29143 63.00000 53.10093
29153 54.00000 53.20130
29163 55.00000 53.40210
29173 55.00000 53.58048
29183 54.00000 53.62732
29193 52.00000 53.44565
29203 52.00000 53.28426
29213 55.00000 53.47580
29223 49.00000 52.97614
29233 49.00000 52.53226
29243 55.00000 52.80775
29253 51.00000 52.60594
29263 51.00000 52.42666
29273 51.00000 52.26740
29283 52.00000 52.23755
29293 52.00000 52.21103
29305 51.00000 52.07583
29313 46.00000 51.39756
29324 51.00000 51.35318
29333 49.00000 51.09048
29344 54.00000 51.41528
29353 49.00000 51.14565
29364 49.00000 50.90612
29373 55.00000 51.36314
29384 48.00000 50.98770
29393 54.00000 51.32398
29404 52.00000 51.39944
29413 49.00000 51.13158
29424 49.00000 50.89362
29433 55.00000 51.35204
29444 58.00000 52.09418
29454 49.00000 51.74876
29464 54.00000 52.00008
29474 51.00000 51.88843
29484 51.00000 51.78925
29494 54.00000 52.03605
29505 52.00000 52.03202
29514 51.00000 51.91681
29524 55.00000 52.26101
29534 51.00000 52.12023
29544 51.00000 51.99517
29554 51.00000 51.88408
29564 49.00000 51.56211
